// Jest Snapshot v1, https://goo.gl/fbAQLP

exports[`<MovieReview/> is rendered correctly 1`] = `
<div
  className="review"
>
  <blockquote
    className="review__quote"
  >
    <p
      className="review__text"
    >
      Poised to be an instant classic, almost everything about this film is phenomenal - the acting, the cinematography, the discography, etc.
    </p>
    <footer
      className="review__details"
    >
      <cite
        className="review__author"
      >
        Isaac
      </cite>
      <time
        className="review__date"
        dateTime="2020-03-06T05:40:57.360Z"
      >
        March 6, 2020
      </time>
    </footer>
  </blockquote>
  <div
    className="review__rating"
  >
    2.6
  </div>
</div>
`;
