// Jest Snapshot v1, https://goo.gl/fbAQLP

exports[`<GenresList/> is rendered correctly 1`] = `
<ul
  className="catalog__genres-list"
>
  <li
    className="catalog__genres-item"
  >
    <a
      className="catalog__genres-link"
      href="#"
      onClick={[Function]}
    >
      All genres
    </a>
  </li>
  <li
    className="catalog__genres-item"
  >
    <a
      className="catalog__genres-link"
      href="#"
      onClick={[Function]}
    >
      Comedies
    </a>
  </li>
  <li
    className="catalog__genres-item"
  >
    <a
      className="catalog__genres-link"
      href="#"
      onClick={[Function]}
    >
      Dramas
    </a>
  </li>
  <li
    className="catalog__genres-item"
  >
    <a
      className="catalog__genres-link"
      href="#"
      onClick={[Function]}
    >
      Sci-Fi
    </a>
  </li>
</ul>
`;
